INCLUDE[-LSTPATH]="altera/alpha_blending_mixer/lib"
INCLUDE[-LSTPATH]="altera/alt_eth_40g_100g/alt_e40_e100"
INCLUDE[-LSTPATH]="altera/alt_interlaken/alt_interlaken_pcs"
INCLUDE[-LSTPATH]="altera/alt_interlaken/altera_interlaken"
INCLUDE[-LSTPATH]="altera/alt_interlaken_hp/ilk_50g_top"
INCLUDE[-LSTPATH]="altera/alt_interlaken_hp/ilk_top"
INCLUDE[-LSTPATH]="altera/alt_mem_if/alt_mem_if_interfaces/alt_mem_if_ddr2_emif"
INCLUDE[-LSTPATH]="altera/alt_mem_if/alt_mem_if_interfaces/alt_mem_if_ddr3_emif"
INCLUDE[-LSTPATH]="altera/alt_mem_if/alt_mem_if_interfaces/alt_mem_if_lpddr2_emif"
INCLUDE[-LSTPATH]="altera/alt_mem_if/alt_mem_if_interfaces/alt_mem_if_qdrii_emif"
INCLUDE[-LSTPATH]="altera/alt_mem_if/alt_mem_if_interfaces/alt_mem_if_rldram3_emif"
INCLUDE[-LSTPATH]="altera/alt_mem_if/alt_mem_if_interfaces/alt_mem_if_rldramii_emif"
INCLUDE[-LSTPATH]="altera/alt_pma"
INCLUDE[-LSTPATH]="altera/alt_pr/alt_pr"
INCLUDE[-LSTPATH]="altera/alt_xaui/lib"
INCLUDE[-LSTPATH]="altera/alt_xcvr/altera_xcvr_10gbase_kr/altera_xcvr_10gbase_kr"
INCLUDE[-LSTPATH]="altera/alt_xcvr/altera_xcvr_10gbase_kr/arria10/altera_xcvr_10gkr_a10"
INCLUDE[-LSTPATH]="altera/alt_xcvr/altera_xcvr_native_phy/altera_xcvr_native_vi"
INCLUDE[-LSTPATH]="altera/alt_xcvr/altera_xcvr_native_phy/av"
INCLUDE[-LSTPATH]="altera/alt_xcvr/altera_xcvr_native_phy/avgz"
INCLUDE[-LSTPATH]="altera/alt_xcvr/altera_xcvr_native_phy/cv"
INCLUDE[-LSTPATH]="altera/alt_xcvr/altera_xcvr_native_phy/sv"
INCLUDE[-LSTPATH]="altera/alt_xcvr/altera_xcvr_pll/altera_xcvr_atx_pll_vi"
INCLUDE[-LSTPATH]="altera/alt_xcvr/altera_xcvr_pll/altera_xcvr_cdr_pll_vi"
INCLUDE[-LSTPATH]="altera/alt_xcvr/altera_xcvr_pll/altera_xcvr_fpll_vi"
INCLUDE[-LSTPATH]="altera/alt_xcvr/altera_xcvr_pll/av"
INCLUDE[-LSTPATH]="altera/alt_xcvr/altera_xcvr_pll/avgz"
INCLUDE[-LSTPATH]="altera/alt_xcvr/altera_xcvr_pll/cv"
INCLUDE[-LSTPATH]="altera/alt_xcvr/altera_xcvr_pll/sv"
INCLUDE[-LSTPATH]="altera/alt_xcvr/altera_xcvr_reset_control"
INCLUDE[-LSTPATH]="altera/alt_xcvr_reconfig/alt_xcvr_reconfig"
INCLUDE[-LSTPATH]="altera/alt_xcvr_reconfig/alt_xcvr_reconfig_basic"
INCLUDE[-LSTPATH]="altera/altchip_id"
INCLUDE[-LSTPATH]="altera/altdq_dqs2"
INCLUDE[-LSTPATH]="altera/altera_10gbaser_phy/altera_10gbaser_phy"
INCLUDE[-LSTPATH]="altera/altera_adv_seu_detection/adv_seu_detection"
INCLUDE[-LSTPATH]="altera/altera_crcerror_verify"
INCLUDE[-LSTPATH]="altera/altera_dp/src"
INCLUDE[-LSTPATH]="altera/altera_fp_acc_custom"
INCLUDE[-LSTPATH]="altera/altera_fp_functions"
INCLUDE[-LSTPATH]="altera/altera_gpio/altera_gpio_top"
INCLUDE[-LSTPATH]="altera/altera_gpio_lite"
INCLUDE[-LSTPATH]="altera/altera_lvds/top"
INCLUDE[-LSTPATH]="altera/altera_mult_add"
INCLUDE[-LSTPATH]="altera/altera_oct/altera_oct_top"
INCLUDE[-LSTPATH]="altera/altera_pcie/altera_pcie_av_hip_ast"
INCLUDE[-LSTPATH]="altera/altera_pcie/altera_pcie_avgz_hip_ast"
INCLUDE[-LSTPATH]="altera/altera_pcie/altera_pcie_cv_hip_ast"
INCLUDE[-LSTPATH]="altera/altera_pcie/altera_pcie_sv_hip_ast"
INCLUDE[-LSTPATH]="altera/altera_pcie/altera_pcie_sv_sriov_ast"
INCLUDE[-LSTPATH]="altera/altera_pcie_pipe/sv"
INCLUDE[-LSTPATH]="altera/altera_pcie_pipe/xcvr_generic"
INCLUDE[-LSTPATH]="altera/altera_phylite/ip_top"
INCLUDE[-LSTPATH]="altera/altera_pll"
INCLUDE[-LSTPATH]="altera/altera_pll_reconfig"
INCLUDE[-LSTPATH]="altera/altera_rapidio2/src"
INCLUDE[-LSTPATH]="altera/altera_xcvr_8g_custom/xcvr_generic"
INCLUDE[-LSTPATH]="altera/altera_xcvr_att_custom/sv"
INCLUDE[-LSTPATH]="altera/altera_xcvr_det_latency/soft_pcs"
INCLUDE[-LSTPATH]="altera/altera_xcvr_det_latency/xcvr_generic"
INCLUDE[-LSTPATH]="altera/asi/lib"
INCLUDE[-LSTPATH]="altera/audio_ip/audio_embed"
INCLUDE[-LSTPATH]="altera/audio_ip/audio_extract"
INCLUDE[-LSTPATH]="altera/audio_ip/clocked_audio_input"
INCLUDE[-LSTPATH]="altera/audio_ip/clocked_audio_output"
INCLUDE[-LSTPATH]="altera/chroma_resampler/lib"
INCLUDE[-LSTPATH]="altera/cic/lib"
INCLUDE[-LSTPATH]="altera/clipper/lib"
INCLUDE[-LSTPATH]="altera/clocked_video_input/lib"
INCLUDE[-LSTPATH]="altera/clocked_video_output/lib"
INCLUDE[-LSTPATH]="altera/color_plane_sequencer/lib"
INCLUDE[-LSTPATH]="altera/control_synchronizer/lib"
INCLUDE[-LSTPATH]="altera/cpri/altera_cpri"
INCLUDE[-LSTPATH]="altera/csc/lib"
INCLUDE[-LSTPATH]="altera/ddr2_high_perf/lib"
INCLUDE[-LSTPATH]="altera/ddr3_high_perf/lib"
INCLUDE[-LSTPATH]="altera/ddr_ddr2_sdram/lib"
INCLUDE[-LSTPATH]="altera/ddr_high_perf/lib"
INCLUDE[-LSTPATH]="altera/deinterlacer/lib"
INCLUDE[-LSTPATH]="altera/ethernet/alt_em10g32/MAC"
INCLUDE[-LSTPATH]="altera/ethernet/altera_eth_10g_mac"
INCLUDE[-LSTPATH]="altera/ethernet/altera_eth_2_5g_system"
INCLUDE[-LSTPATH]="altera/ethernet/altera_eth_tse"
INCLUDE[-LSTPATH]="altera/fft/lib"
INCLUDE[-LSTPATH]="altera/fir_compiler/lib"
INCLUDE[-LSTPATH]="altera/fir_compiler_ii"
INCLUDE[-LSTPATH]="altera/fir_filter_2d/lib"
INCLUDE[-LSTPATH]="altera/frame_buffer/lib"
INCLUDE[-LSTPATH]="altera/frame_reader/lib"
INCLUDE[-LSTPATH]="altera/gamma_corrector/lib"
INCLUDE[-LSTPATH]="altera/interlacer/lib"
INCLUDE[-LSTPATH]="altera/ip_compiler_for_pci_express/lib"
INCLUDE[-LSTPATH]="altera/median_filter_2d/lib"
INCLUDE[-LSTPATH]="altera/nco/lib"
INCLUDE[-LSTPATH]="altera/pci_compiler/lib"
INCLUDE[-LSTPATH]="altera/posphy_l4/lib"
INCLUDE[-LSTPATH]="altera/qdrii_sram_controller/lib"
INCLUDE[-LSTPATH]="altera/rapidio/lib"
INCLUDE[-LSTPATH]="altera/reed_solomon/lib"
INCLUDE[-LSTPATH]="altera/rldram_ii_controller/lib"
INCLUDE[-LSTPATH]="altera/rs_ii/altera_rs_ii"
INCLUDE[-LSTPATH]="altera/sdi/lib"
INCLUDE[-LSTPATH]="altera/sdi_ii/sdi_ii"
INCLUDE[-LSTPATH]="altera/seriallite_ii/lib"
INCLUDE[-LSTPATH]="altera/seriallite_iii/src"
INCLUDE[-LSTPATH]="altera/sld/altera_soft_core_jtag_io"
INCLUDE[-LSTPATH]="altera/switch/lib"
INCLUDE[-LSTPATH]="altera/test_pattern_generator/lib"
INCLUDE[-LSTPATH]="altera/vip/ip_library/full_ip/cl_broadcast_deinterlacer"
INCLUDE[-LSTPATH]="altera/vip/ip_library/full_ip/cl_clipper"
INCLUDE[-LSTPATH]="altera/vip/ip_library/full_ip/cl_cvi"
INCLUDE[-LSTPATH]="altera/vip/ip_library/full_ip/cl_deinterlacer"
INCLUDE[-LSTPATH]="altera/vip/ip_library/full_ip/cl_scaler"
INCLUDE[-LSTPATH]="altera/vip/ip_library/full_ip/cl_switch"
INCLUDE[-LSTPATH]="altera/viterbi/lib"
